<html>
<body>
<pre>
<h1>µVision Build Log</h1>
<h2>Project:</h2>
G:\4.project\9.GSM-GPRS-GNSS\4.Program\STM32\IT\GSM-GPRS-GNSS\MDK-ARM\GSM-GPRS-GNSS.uvprojx
Project File Date:  08/07/2017

<h2>Output:</h2>
Build target 'GSM-GPRS-GNSS'
compiling main.c...
linking...
Program Size: Code=7024 RO-data=396 RW-data=12 ZI-data=2292  
"GSM-GPRS-GNSS\GSM-GPRS-GNSS.axf" - 0 Error(s), 0 Warning(s).

<h2>Software Packages used:</h2>

Package Vendor: ARM
                http://www.keil.com/pack/ARM.CMSIS.4.1.1.pack
                ARM::CMSIS:CORE:3.30.0
                CMSIS (Cortex Microcontroller Software Interface Standard)
   * Component: CORE Version: 3.30.0

<h2>Collection of Component include folders:</h2>
  G:\4.project\9.GSM-GPRS-GNSS\4.Program\STM32\IT\GSM-GPRS-GNSS\MDK-ARM\RTE
  E:\Keil_v5\ARM\PACK\ARM\CMSIS\4.1.1\CMSIS\Include
  E:\Keil_v5\ARM\PACK\Keil\STM32F1xx_DFP\2.1.0

<h2>Collection of Component Files used:</h2>

   * Component: ARM::CMSIS:CORE:3.30.0
      Source file:   CMSIS\UserCodeTemplates\ARM\ITM_Retarget.c
Load "GSM-GPRS-GNSS\\GSM-GPRS-GNSS.axf" 
Erase Done.
Programming Done.
Verify OK.
</pre>
</body>
</html>
PRS-GNSS.axf" 
Erase Done.
Programming Done.
Verify OK.
